// Jest Snapshot v1, https://goo.gl/fbAQLP

exports[`Component => Footer matches snapshot 1`] = `
<DocumentFragment>
  <footer
    class="footer"
  >
    <div
      class="container"
    >
      <span
        class="text-muted"
      >
        Footer content here.
      </span>
    </div>
  </footer>
</DocumentFragment>
`;
